hi this is a git test


cvr@DESKTOP-EVBBEIM MINGW64 /d/surya
$ git init
Initialized empty Git repository in D:/surya/.git/

cvr@DESKTOP-EVBBEIM MINGW64 /d/surya
$ git status
fatal: detected dubious ownership in repository at 'D:/surya'
'D:/surya' is on a file system that doesnot record ownership
To add an exception for this directory, call:

        git config --global --add safe.directory D:/surya

cvr@DESKTOP-EVBBEIM MINGW64 /d/surya
$ git log
fatal: detected dubious ownership in repository at 'D:/surya'
'D:/surya' is on a file system that doesnot record ownership
To add an exception for this directory, call:

        git config --global --add safe.directory D:/surya

cvr@DESKTOP-EVBBEIM MINGW64 /d/surya
$ git config
usage: git config [<options>]

Config file location
    --global              use global config file
    --system              use system config file
    --local               use repository config file
    --worktree            use per-worktree config file
    -f, --file <file>     use given config file
    --blob <blob-id>      read config from given blob object

Action
    --get                 get value: name [value-pattern]
    --get-all             get all values: key [value-pattern]
    --get-regexp          get values for regexp: name-regex [value-pattern]
    --get-urlmatch        get value specific for the URL: section[.var] URL
    --replace-all         replace all matching variables: name value [value-pattern]
    --add                 add a new variable: name value
    --unset               remove a variable: name [value-pattern]
    --unset-all           remove all matches: name [value-pattern]
    --rename-section      rename section: old-name new-name
    --remove-section      remove a section: name
    -l, --list            list all
    --fixed-value         use string equality when comparing values to 'value-pattern'
    -e, --edit            open an editor
    --get-color           find the color configured: slot [default]
    --get-colorbool       find the color setting: slot [stdout-is-tty]

Type
    -t, --type <type>     value is given this type
    --bool                value is "true" or "false"
    --int                 value is decimal number
    --bool-or-int         value is --bool or --int
    --bool-or-str         value is --bool or string
    --path                value is a path (file or directory name)
    --expiry-date         value is an expiry date

Other
    -z, --null            terminate values with NUL byte
    --name-only           show variable names only
    --includes            respect include directives on lookup
    --show-origin         show origin of config (file, standard input, blob, command line)
    --show-scope          show scope of config (worktree, local, global, system, command)
    --default <value>     with --get, use default value when missing entry


cvr@DESKTOP-EVBBEIM MINGW64 /d/surya
$ ^C

cvr@DESKTOP-EVBBEIM MINGW64 /d/surya
$ git config --global --add safe.directory D:/surya

cvr@DESKTOP-EVBBEIM MINGW64 /d/surya (master)
$ git status
On branch master

No commits yet

nothing to commit (create/copy files and use "git add" to track)

cvr@DESKTOP-EVBBEIM MINGW64 /d/surya (master)
$ git add hi.txt
fatal: pathspec 'hi.txt' did not match any files

cvr@DESKTOP-EVBBEIM MINGW64 /d/surya (master)
$ git add hi.txt
fatal: pathspec 'hi.txt' did not match any files

cvr@DESKTOP-EVBBEIM MINGW64 /d/surya (master)
$ git add hello.txt

cvr@DESKTOP-EVBBEIM MINGW64 /d/surya (master)
$ git log
fatal: your current branch 'master' does not have any commits yet

cvr@DESKTOP-EVBBEIM MINGW64 /d/surya (master)
$ git commit -m "example"
Author identity unknown

*** Please tell me who you are.

Run

  git config --global user.email "you@example.com"
  git config --global user.name "Your Name"

to set your account's default identity.
Omit --global to set the identity only in this repository.

fatal: unable to auto-detect email address (got 'cvr@DESKTOP-EVBBEIM.(none)')

cvr@DESKTOP-EVBBEIM MINGW64 /d/surya (master)
$ git commit -m
error: switch `m' requires a value

cvr@DESKTOP-EVBBEIM MINGW64 /d/surya (master)
$ git commit -m "hello"
Author identity unknown

*** Please tell me who you are.

Run

  git config --global user.email "you@example.com"
  git config --global user.name "Your Name"

to set your account's default identity.
Omit --global to set the identity only in this repository.

fatal: unable to auto-detect email address (got 'cvr@DESKTOP-EVBBEIM.(none)')

cvr@DESKTOP-EVBBEIM MINGW64 /d/surya (master)
$ git config --global user.email "asuryapranav999@gmail.com"

cvr@DESKTOP-EVBBEIM MINGW64 /d/surya (master)
$ git config --global user.name "surya998"

cvr@DESKTOP-EVBBEIM MINGW64 /d/surya (master)
$ git commit -m "hello"
[master (root-commit) f7ca7b3] hello
 1 file changed, 2 insertions(+)
 create mode 100644 hello.txt

cvr@DESKTOP-EVBBEIM MINGW64 /d/surya (master)
$ git log
commit f7ca7b373fc2377ddb135e8cb3f4fc75cae9f501 (HEAD -> master)
Author: surya998 <asuryapranav999@gmail.com>
Date:   Tue Nov 22 09:09:31 2022 +0530

    hello

cvr@DESKTOP-EVBBEIM MINGW64 /d/surya (master)
$

